# balerix#129, base run 1, test the_crew_lock_holds_the_harvest_while_a_sync_runs (pid 4044860)
# hyper 1.11.1 (instrumented), hyper-util 0.1.21; lines from the conn=4 lifecycle and its callers, HTTP span fields trimmed
2026-10-05T08:28:45.050839Z TRACE T4 HTTP{GET /api/v1/namespaces/t-lock-4044860/pods?&watch=true&timeoutSeconds=290&…}: hyper_util::client::legacy::pool: take? ("https", 127.0.0.1:46663): expiration = Some(90s)
2026-10-05T08:28:45.050872Z DEBUG T4 HTTP{GET /api/v1/namespaces/t-lock-4044860/pods?&watch=true&timeoutSeconds=290&…}: hyper_util::client::legacy::pool: reuse idle connection for ("https", 127.0.0.1:46663)
2026-10-05T08:28:45.050886Z TRACE T10 h1conn{conn=4}: hyper::proto::h1::dispatch: spike: poll begin: State { reading: Init, writing: Init, keep_alive: Idle } method=None wbuf=false rbuf=0 read_blocked=true wants_read_again=false closing=false body_rx=false body_tx=false callback=false rx_closed=false rx_len=0 rx_closed_chan=false taker=Taker { state: Want }
2026-10-05T08:28:45.050908Z TRACE T4 HTTP{GET /api/v1/namespaces/t-lock-4044860/pods?&watch=true&timeoutSeconds=290&…}: hyper::client::dispatch: spike: can_send give=true buffered_once=true giver=Giver { state: Idle }
2026-10-05T08:28:45.050927Z TRACE T10 h1conn{conn=4}: hyper::proto::h1::dispatch: spike: poll_msg Pending (rx empty, want signalled)
2026-10-05T08:28:45.050932Z TRACE T4 HTTP{GET /api/v1/namespaces/t-lock-4044860/pods?&watch=true&timeoutSeconds=290&…}: hyper::client::conn::http1: spike: try_send_request conn=4 GET /api/v1/namespaces/t-lock-4044860/pods?&watch=true&timeoutSeconds=290&allowWatchBookmarks=true&resourceVersion=218 queued=true
2026-10-05T08:28:45.050945Z TRACE T10 h1conn{conn=4}: hyper::proto::h1::conn: flushed({role=client}): State { reading: Init, writing: Init, keep_alive: Idle }
2026-10-05T08:28:45.050967Z TRACE T10 h1conn{conn=4}: hyper::proto::h1::dispatch: spike: poll end Pending: State { reading: Init, writing: Init, keep_alive: Idle } method=None wbuf=false rbuf=0 read_blocked=true wants_read_again=false closing=false body_rx=false body_tx=false callback=false rx_closed=false rx_len=1 rx_closed_chan=false taker=Taker { state: Want }
2026-10-05T08:28:45.051272Z TRACE T10 h1conn{conn=4}: hyper::proto::h1::dispatch: spike: poll begin: State { reading: Init, writing: Init, keep_alive: Idle } method=None wbuf=false rbuf=0 read_blocked=true wants_read_again=false closing=false body_rx=false body_tx=false callback=false rx_closed=false rx_len=1 rx_closed_chan=false taker=Taker { state: Want }
2026-10-05T08:28:45.051311Z TRACE T10 h1conn{conn=4}: hyper::proto::h1::dispatch: spike: poll_msg took GET /api/v1/namespaces/t-lock-4044860/pods?&watch=true&timeoutSeconds=290&allowWatchBookmarks=true&resourceVersion=218
2026-10-05T08:28:45.051345Z TRACE T10 h1conn{conn=4}:encode_headers: hyper::proto::h1::role: Client::encode method=GET, body=None
2026-10-05T08:28:45.051413Z DEBUG T10 h1conn{conn=4}: hyper::proto::h1::io: flushed 297 bytes
2026-10-05T08:28:45.051435Z TRACE T10 h1conn{conn=4}: hyper::proto::h1::conn: flushed({role=client}): State { reading: Init, writing: KeepAlive, keep_alive: Busy }
2026-10-05T08:28:45.051459Z TRACE T10 h1conn{conn=4}: hyper::proto::h1::dispatch: spike: poll end Pending: State { reading: Init, writing: KeepAlive, keep_alive: Busy } method=Some(GET) wbuf=false rbuf=0 read_blocked=true wants_read_again=false closing=false body_rx=false body_tx=false callback=true rx_closed=false rx_len=0 rx_closed_chan=false taker=Taker { state: Want }
2026-10-05T08:28:45.063942Z TRACE T3 h1conn{conn=4}: hyper::proto::h1::dispatch: spike: poll begin: State { reading: Init, writing: KeepAlive, keep_alive: Busy } method=Some(GET) wbuf=false rbuf=0 read_blocked=true wants_read_again=false closing=false body_rx=false body_tx=false callback=true rx_closed=false rx_len=0 rx_closed_chan=false taker=Taker { state: Want }
2026-10-05T08:28:45.070841Z TRACE T3 h1conn{conn=4}: hyper::proto::h1::conn: Conn::read_head
2026-10-05T08:28:45.071023Z TRACE T3 h1conn{conn=4}: hyper::proto::h1::io: received 341 bytes
2026-10-05T08:28:45.071079Z TRACE T3 h1conn{conn=4}:parse_headers: hyper::proto::h1::role: Response.parse bytes=341
2026-10-05T08:28:45.071124Z TRACE T3 h1conn{conn=4}:parse_headers: hyper::proto::h1::role: Response.parse Complete(341)
2026-10-05T08:28:45.071247Z DEBUG T3 h1conn{conn=4}: hyper::proto::h1::io: parsed 7 headers
2026-10-05T08:28:45.071272Z DEBUG T3 h1conn{conn=4}: hyper::proto::h1::conn: incoming body is chunked encoding
2026-10-05T08:28:45.071300Z TRACE T3 h1conn{conn=4}: hyper::proto::h1::dispatch: spike: client recv_msg ok=true callback=true
2026-10-05T08:28:45.071339Z TRACE T3 h1conn{conn=4}: hyper::proto::h1::decode: decode; state=Chunked { state: Start, chunk_len: 0,  }
2026-10-05T08:28:45.071367Z TRACE T3 h1conn{conn=4}: hyper::proto::h1::decode: Read chunk start
2026-10-05T08:28:45.071405Z TRACE T3 h1conn{conn=4}: hyper::proto::h1::conn: flushed({role=client}): State { reading: Body(Chunked { state: Start, chunk_len: 0,  }), writing: KeepAlive, keep_alive: Busy }
2026-10-05T08:28:45.071457Z TRACE T3 h1conn{conn=4}: hyper::proto::h1::dispatch: spike: poll end Pending: State { reading: Body(Chunked { state: Start, chunk_len: 0,  }), writing: KeepAlive, keep_alive: Busy } method=Some(GET) wbuf=false rbuf=0 read_blocked=true wants_read_again=false closing=false body_rx=false body_tx=true callback=false rx_closed=false rx_len=0 rx_closed_chan=false taker=Taker { state: Want }
2026-10-05T08:28:45.073045Z TRACE T5 HTTP{GET /api/v1/namespaces/t-lock-4044860/pods?&watch=true&timeoutSeconds=290&…}: hyper::client::conn::http1: spike: try_send_request conn=4 GET /api/v1/namespaces/t-lock-4044860/pods?&watch=true&timeoutSeconds=290&allowWatchBookmarks=true&resourceVersion=218 answered 200 OK
2026-10-05T08:28:45.073081Z TRACE T5 HTTP{GET /api/v1/namespaces/t-lock-4044860/pods?&watch=true&timeoutSeconds=290&…}: hyper_util::client::legacy::pool: put; add idle connection for ("https", 127.0.0.1:46663)
2026-10-05T08:28:45.073103Z DEBUG T5 HTTP{GET /api/v1/namespaces/t-lock-4044860/pods?&watch=true&timeoutSeconds=290&…}: hyper_util::client::legacy::pool: pooling idle connection for ("https", 127.0.0.1:46663)
2026-10-05T08:28:45.177662Z DEBUG T8 reconcile{Daemon}:HTTP{PATCH /api/v1/namespaces/t-lock-4044860/secrets/balerix-default-admin?&force…}: kube_client::client::builder: requesting
2026-10-05T08:28:45.179682Z TRACE T8 reconcile{Daemon}:HTTP{PATCH /api/v1/namespaces/t-lock-4044860/secrets/balerix-default-admin?&force…}: hyper_util::client::legacy::pool: take? ("https", 127.0.0.1:46663): expiration = Some(90s)
2026-10-05T08:28:45.179745Z DEBUG T8 reconcile{Daemon}:HTTP{PATCH /api/v1/namespaces/t-lock-4044860/secrets/balerix-default-admin?&force…}: hyper_util::client::legacy::pool: reuse idle connection for ("https", 127.0.0.1:46663)
2026-10-05T08:28:45.179820Z TRACE T8 reconcile{Daemon}:HTTP{PATCH /api/v1/namespaces/t-lock-4044860/secrets/balerix-default-admin?&force…}: hyper::client::dispatch: spike: can_send give=true buffered_once=true giver=Giver { state: Idle }
2026-10-05T08:28:45.179864Z TRACE T8 reconcile{Daemon}:HTTP{PATCH /api/v1/namespaces/t-lock-4044860/secrets/balerix-default-admin?&force…}: hyper::client::conn::http1: spike: try_send_request conn=4 PATCH /api/v1/namespaces/t-lock-4044860/secrets/balerix-default-admin?&force=true&fieldManager=balerix-operator queued=true
2026-10-05T08:29:14.968731Z  WARN T5 reconcile{Daemon}: spike: SPIKE lost request: reconcile stuck for 30s; live hyper connections:
conn=4 age=30.070s polls=9 since_poll=29.897s sends=4 since_send=29.789s last_send="PATCH /api/v1/namespaces/t-lock-4044860/secrets/balerix-default-admin?&force=true&fieldManager=balerix-operator" state=State { reading: Body(Chunked { state: Start, chunk_len: 0,  }), writing: KeepAlive, keep_alive: Busy } method=Some(GET) wbuf=false rbuf=0 read_blocked=true wants_read_again=false closing=false body_rx=false body_tx=true callback=false rx_closed=false rx_len=0 rx_closed_chan=false taker=Taker { state: Want }
2026-10-05T08:29:15.379608Z TRACE T6 h1conn{conn=4}: hyper::proto::h1::dispatch: spike: poll begin: State { reading: Body(Chunked { state: Start, chunk_len: 0,  }), writing: KeepAlive, keep_alive: Busy } method=Some(GET) wbuf=false rbuf=0 read_blocked=true wants_read_again=false closing=false body_rx=false body_tx=true callback=false rx_closed=false rx_len=1 rx_closed_chan=true taker=Taker { state: Idle }
